// Jest Snapshot v1, https://goo.gl/fbAQLP

exports[`Loader Should render Loader correctly 1`] = `"<styled.div />"`;
